[2026-05-14T10:44:08.196Z] GET http://localhost:4321/ → 200 (22ms, 37181B)
[2026-05-14T10:44:08.228Z] GET https://fonts.googleapis.com/css2?family=DM+Sans:ital,opsz,wght@0,9..40,300;0,9..40,400;0,9..40,500;0,9..40,600;1,9..40,300&display=swap → 200 (220ms, 4220B)
[2026-05-14T10:44:08.228Z] GET http://localhost:4321/@vite/client → 200 (32ms, 295336B)
[2026-05-14T10:44:08.228Z] GET http://localhost:4321/@id/astro/runtime/client/dev-toolbar/entrypoint.js → 200 (47ms, 52749B)
[2026-05-14T10:44:08.228Z] GET http://localhost:4321/src/styles/global.css → 200 (74ms, 14811B)
[2026-05-14T10:44:08.261Z] GET http://localhost:4321/node_modules/.pnpm/vite@7.3.3_jiti@2.7.0_lightningcss@1.32.0_yaml@2.9.0/node_modules/vite/dist/client/env.mjs → 200 (20ms, 3478B)
[2026-05-14T10:44:08.281Z] GET http://localhost:4321/node_modules/.vite/deps/chunk-TZMTXS24.js?v=7cc138ae → 200 (24ms, 2813B)
[2026-05-14T10:44:08.281Z] GET http://localhost:4321/node_modules/.vite/deps/chunk-CVTGEWPR.js?v=7cc138ae → 200 (24ms, 4857B)
[2026-05-14T10:44:08.281Z] GET http://localhost:4321/node_modules/.vite/deps/chunk-5WRI5ZAA.js?v=7cc138ae → 200 (30ms, 7184B)
[2026-05-14T10:44:08.281Z] GET http://localhost:4321/@id/__x00__astro:toolbar:internal → 200 (31ms, 8955B)
[2026-05-14T10:44:08.452Z] GET http://localhost:4321/@id/astro:scripts/before-hydration.js → 200 (61ms, 988B)
[2026-05-14T10:44:08.505Z] GET https://fonts.gstatic.com/s/dmsans/v17/rP2Hp2ywxg089UriCZOIHQ.woff2 → 200 (163ms, 62724B)
[2026-05-14T10:44:08.515Z] GET http://localhost:4321/@react-refresh → 200 (12ms, 111894B)
[2026-05-14T10:44:08.519Z] GET http://localhost:4321/node_modules/.vite/deps/astro-QH3KXQJF.js?v=7cc138ae → 200 (45ms, 20663B)
[2026-05-14T10:44:08.519Z] GET http://localhost:4321/node_modules/.vite/deps/audit-672SARKO.js?v=7cc138ae → 200 (45ms, 53039B)
[2026-05-14T10:44:08.519Z] GET http://localhost:4321/node_modules/.vite/deps/xray-MTC4QYIB.js?v=7cc138ae → 200 (46ms, 5722B)
[2026-05-14T10:44:08.519Z] GET http://localhost:4321/node_modules/.vite/deps/settings-IARU4LOP.js?v=7cc138ae → 200 (48ms, 6392B)
[2026-05-14T10:44:08.519Z] GET http://localhost:4321/node_modules/.vite/deps/toolbar-6ZB4HZRK.js?v=7cc138ae → 200 (49ms, 15789B)
[2026-05-14T10:44:08.519Z] GET http://localhost:4321/node_modules/.vite/deps/ui-library-MQDS6DXS.js?v=7cc138ae → 200 (48ms, 29524B)
[2026-05-14T10:44:08.529Z] GET http://localhost:4321/src/components/ChordlIsland.tsx → 200 (439ms, 65552B)
[2026-05-14T10:44:08.529Z] GET http://localhost:4321/node_modules/.pnpm/@astrojs+react@5.0.5_@types+react-dom@19.2.3_@types+react@19.2.14__@types+react@19.2.14_b6cf18dbb73bb3d96ebc99f00282cf00/node_modules/@astrojs/react/dist/client.js → 200 (56ms, 20690B)
[2026-05-14T10:44:08.568Z] GET http://localhost:4321/node_modules/.vite/deps/chunk-DNTWAE5R.js?v=7cc138ae → 200 (9ms, 1716B)
[2026-05-14T10:44:08.574Z] GET http://localhost:4321/node_modules/.vite/deps/chunk-CHBX3UHS.js?v=7cc138ae → 200 (5ms, 48717B)
[2026-05-14T10:44:08.574Z] GET http://localhost:4321/node_modules/.vite/deps/chunk-VDS34FZT.js?v=7cc138ae → 200 (5ms, 2456B)
[2026-05-14T10:44:08.575Z] GET http://localhost:4321/node_modules/.vite/deps/chunk-ZPH5RHRB.js?v=7cc138ae → 200 (6ms, 216145B)
[2026-05-14T10:44:08.575Z] GET http://localhost:4321/node_modules/.vite/deps/chunk-MHMTZ27E.js?v=7cc138ae → 200 (20ms, 123003B)
[2026-05-14T10:44:08.575Z] GET http://localhost:4321/node_modules/.vite/deps/chunk-6CIVEWMC.js?v=7cc138ae → 200 (16ms, 680B)
[2026-05-14T10:44:08.593Z] GET http://localhost:4321/node_modules/.vite/deps/react.js?v=b9de163a → 200 (352ms, 1024B)
[2026-05-14T10:44:08.593Z] GET http://localhost:4321/node_modules/.vite/deps/react-dom_client.js?v=b9de163a → 200 (354ms, 1646B)
[2026-05-14T10:44:08.593Z] GET http://localhost:4321/node_modules/.pnpm/@astrojs+react@5.0.5_@types+react-dom@19.2.3_@types+react@19.2.14__@types+react@19.2.14_b6cf18dbb73bb3d96ebc99f00282cf00/node_modules/@astrojs/react/dist/static-html.js?v=7cc138ae → 200 (355ms, 3126B)
[2026-05-14T10:44:08.946Z] GET http://localhost:4321/node_modules/.vite/deps/chunk-MDQRTEFC.js?v=7cc138ae → 200 (35ms, 45692B)
[2026-05-14T10:44:08.948Z] GET http://localhost:4321/node_modules/.vite/deps/chunk-KJOUD2F7.js?v=7cc138ae → pending (?ms, ?B)
[2026-05-14T10:44:08.948Z] GET http://localhost:4321/node_modules/.vite/deps/chunk-QJ62BB4P.js?v=7cc138ae → 200 (24ms, 16410B)
[2026-05-14T10:44:08.970Z] GET http://localhost:4321/node_modules/.vite/deps/react_jsx-dev-runtime.js?v=b9de163a → pending (?ms, ?B)
[2026-05-14T10:44:08.970Z] GET http://localhost:4321/node_modules/.vite/deps/@pepperhorn_chordl-react.js?v=a22c8ccf → pending (?ms, ?B)
[2026-05-14T10:44:08.970Z] GET http://localhost:4321/src/lib/cacheKey.ts → pending (?ms, ?B)
[2026-05-14T10:44:08.970Z] GET http://localhost:4321/src/components/RatingButtons.tsx → pending (?ms, ?B)
[2026-05-14T10:44:08.971Z] GET http://localhost:4321/src/components/ChordErrorBoundary.tsx → pending (?ms, ?B)
[2026-05-14T10:44:09.137Z] GET http://localhost:4321/node_modules/.vite/deps/chunk-RZCVU74E.js?v=7cc138ae → 200 (?ms, 12859B)
[2026-05-14T10:44:09.643Z] GET http://localhost:4321/api/cache/d4567a7580273518885c8cb00f288d5af6a4a777e9295fe7092d7c765d090e80 → pending (?ms, ?B)
[2026-05-14T10:44:09.844Z] POST http://localhost:4321/api/cache → pending (?ms, ?B)
[2026-05-14T10:44:17.166Z] GET http://localhost:4321/api/cache/00b0344cf62a693c637f69d2b6885908ee1e8fbbdeab09693b265b45bbbfce9c → 404 (399ms, 13B)
